// Jest Snapshot v1, https://goo.gl/fbAQLP

exports[`matches snapshot 1`] = `
<DocumentFragment>
  <div
    class="JobCardList"
  >
    <div
      class="JobCard card"
    >
      <div
        class="card-body"
      >
        <h6
          class="card-title"
        >
          shoemaker
        </h6>
        <p>
          RW & CO
        </p>
        <div>
          <small>
            Salary: 100,0
          </small>
        </div>
        <div>
          <small>
            Equity: 0.5
          </small>
        </div>
        <button
          class="btn btn-danger font-weight-bold text-uppercase float-right"
        >
          Apply
        </button>
      </div>
    </div>
  </div>
</DocumentFragment>
`;
